1 -1 -1
100 3 0
17 -1 -1
101 0 -1
16 -1 -1
1 -1 -1
100 4 0
17 -1 -1
101 1 -1
16 -1 -1
1 -1 -1
100 1 0
17 -1 -1
11 -1 -1
13 -1 -1
100 3 0
26 -1 -1
100 3 0
24 -1 -1
100 4 0
26 -1 -1
100 4 0
14 -1 -1
16 -1 -1
2 -1 -1
100 1 0
16 -1 -1
3 -1 -1
100 1 0
22 -1 -1
101 2 -1
4 -1 -1
2 -1 -1
12 -1 -1
13 -1 -1
100 1 0
15 -1 -1
101 1 -1
14 -1 -1
16 -1 -1
5 -1 -1
2 -1 -1
101 3 -1
16 -1 -1
6 -1 -1
1 -1 -1
100 9 0
17 -1 -1
101 4 -1
16 -1 -1
1 -1 -1
100 10 0
17 -1 -1
9 -1 -1
13 -1 -1
100 9 0
14 -1 -1
26 -1 -1
9 -1 -1
13 -1 -1
100 9 0
14 -1 -1
24 -1 -1
10 -1 -1
13 -1 -1
100 9 0
14 -1 -1
26 -1 -1
10 -1 -1
13 -1 -1
100 9 0
14 -1 -1
16 -1 -1
2 -1 -1
100 10 0
16 -1 -1
3 -1 -1
13 -1 -1
100 10 0
23 -1 -1
101 5 -1
14 -1 -1
7 -1 -1
13 -1 -1
100 9 0
22 -1 -1
101 3 -1
14 -1 -1
4 -1 -1
2 -1 -1
101 6 -1
16 -1 -1
6 -1 -1
